Cores on this machine: 14
n sweep: 10000000 to 130000000 step 4000000, width held at 14
width sweep: 1 2 3 4 5 6 7 8 9 10 11 12 13 14 16 20 24 28 at n = 130000000
each timing is the fastest of 2 runs (1 for the serial sweep)

--- Building (everything at -O2 so the comparison is about the parallelism, not the optimiser) ---
Build OK

--- n sweep (graphs 1, 2) ---
  n=10000000 serial=0.788411 pthread=0.132357 omp=0.123558 mpi=0.320506 hybrid=0.231476
  n=14000000 serial=0.912798 pthread=0.177812 omp=0.169144 mpi=0.393177 hybrid=0.278087
  n=18000000 serial=1.301887 pthread=0.236514 omp=0.225489 mpi=0.431251 hybrid=0.329991
  n=22000000 serial=1.744490 pthread=0.287490 omp=0.276222 mpi=0.491037 hybrid=0.403151
  n=26000000 serial=2.252024 pthread=0.363678 omp=0.334039 mpi=0.569715 hybrid=0.430552
  n=30000000 serial=2.712693 pthread=0.410600 omp=0.404306 mpi=0.633869 hybrid=0.491822
  n=34000000 serial=3.240493 pthread=0.492492 omp=0.451821 mpi=0.689667 hybrid=0.551787
  n=38000000 serial=3.779496 pthread=0.550353 omp=0.529337 mpi=0.734974 hybrid=0.606098
  n=42000000 serial=4.382799 pthread=0.650904 omp=0.603285 mpi=0.838468 hybrid=0.690002
  n=46000000 serial=4.964658 pthread=0.716862 omp=0.679295 mpi=0.924581 hybrid=0.739871
  n=50000000 serial=5.584831 pthread=0.772055 omp=0.737375 mpi=0.991409 hybrid=0.804120
  n=54000000 serial=6.227466 pthread=0.847684 omp=0.816506 mpi=1.069203 hybrid=0.875419
  n=58000000 serial=6.854903 pthread=0.935434 omp=0.891929 mpi=1.140615 hybrid=0.930248
  n=62000000 serial=7.519608 pthread=1.005297 omp=0.967329 mpi=1.219234 hybrid=1.013931
  n=66000000 serial=8.233529 pthread=1.103941 omp=1.043207 mpi=1.305321 hybrid=1.075591
  n=70000000 serial=8.933598 pthread=1.185834 omp=1.132087 mpi=1.372280 hybrid=1.128113
  n=74000000 serial=9.588146 pthread=1.235242 omp=1.196155 mpi=1.445358 hybrid=1.191859
  n=78000000 serial=10.488689 pthread=1.360043 omp=1.307403 mpi=1.611652 hybrid=1.287195
  n=82000000 serial=11.149385 pthread=1.462963 omp=1.389853 mpi=1.635870 hybrid=1.364364
  n=86000000 serial=11.916113 pthread=1.529036 omp=1.503827 mpi=1.719172 hybrid=1.431773
  n=90000000 serial=12.835062 pthread=1.651653 omp=1.573736 mpi=1.849762 hybrid=1.658900
  n=94000000 serial=13.797683 pthread=1.859753 omp=2.065838 mpi=2.349302 hybrid=1.705365
  n=98000000 serial=15.002685 pthread=1.880176 omp=1.830673 mpi=2.082109 hybrid=1.700102
  n=102000000 serial=15.138605 pthread=2.016359 omp=1.866155 mpi=2.091561 hybrid=1.785819
  n=106000000 serial=16.000816 pthread=2.026360 omp=1.969346 mpi=2.229119 hybrid=1.876597
  n=110000000 serial=16.832376 pthread=2.127333 omp=2.069244 mpi=2.253526 hybrid=1.979389
  n=114000000 serial=17.773339 pthread=2.236977 omp=2.191476 mpi=2.420264 hybrid=2.040118
  n=118000000 serial=18.603039 pthread=2.440865 omp=2.512460 mpi=2.622430 hybrid=2.167700
  n=122000000 serial=20.326201 pthread=2.522349 omp=2.424150 mpi=2.647190 hybrid=2.293465
  n=126000000 serial=20.295184 pthread=2.560909 omp=2.467781 mpi=2.600770 hybrid=2.226005
  n=130000000 serial=21.169277 pthread=2.627042 omp=2.603418 mpi=2.763298 hybrid=2.366206

--- width sweep at n=130000000 (graphs 3, 6) ---
serial baseline at n=130000000: 21.261911 s
  width=1 pthread=20.984806 omp=20.542968 mpi=15.014647
  width=2 pthread=10.539939 omp=10.135309 mpi=7.938084
  width=3 pthread=7.397164 omp=7.358159 mpi=8.515628
  width=4 pthread=5.755508 omp=5.649203 mpi=4.718774
  width=5 pthread=4.733895 omp=4.641411 mpi=4.802935
  width=6 pthread=4.106460 omp=4.232847 mpi=4.923984
  width=7 pthread=3.610987 omp=3.566293 mpi=3.549892
  width=8 pthread=3.251796 omp=3.211853 mpi=2.922430
  width=9 pthread=2.887890 omp=2.883251 mpi=3.539172
  width=10 pthread=2.730262 omp=3.038478 mpi=3.437879
  width=11 pthread=2.779842 omp=2.661260 mpi=2.738547
  width=12 pthread=2.758857 omp=2.691846 mpi=3.081699
  width=13 pthread=2.808646 omp=2.571287 mpi=3.012235
  width=14 pthread=3.195398 omp=3.108822 mpi=3.212637
  width=16 pthread=3.147434 omp=3.043161 mpi=3.013445
  width=20 pthread=3.096835 omp=3.076970 mpi=3.093663
  width=24 pthread=3.088164 omp=3.027156 mpi=3.087448
  width=28 pthread=3.137548 omp=3.010465 mpi=2.845250

--- hybrid threads sweep at n=130000000, 2 MPI processes (graph 4) ---
  threads=1 hybrid(4 proc)=4.817265  mpi(4 proc)=4.803333
  threads=2 hybrid(4 proc)=2.877678  mpi(4 proc)=4.803333
  threads=3 hybrid(4 proc)=2.450167  mpi(4 proc)=4.803333
  threads=4 hybrid(4 proc)=2.395908  mpi(4 proc)=4.803333
  threads=5 hybrid(4 proc)=2.409658  mpi(4 proc)=4.803333
  threads=6 hybrid(4 proc)=2.371156  mpi(4 proc)=4.803333
  threads=7 hybrid(4 proc)=2.368060  mpi(4 proc)=4.803333

--- hybrid vs OpenMP at matched width (graphs 5, 7) ---
  2x1 (width 2) hybrid=8.368125 omp=10.640058 pthread=10.901605 mpi=8.316729
  2x2 (width 4) hybrid=4.654424 omp=5.701812 pthread=5.805715 mpi=4.726701
  2x3 (width 6) hybrid=3.388494 omp=3.961600 pthread=4.061766 mpi=4.786499
  2x4 (width 8) hybrid=2.755726 omp=3.099157 pthread=3.179448 mpi=2.919692
  3x2 (width 6) hybrid=4.724425 omp=3.961317 pthread=4.056192 mpi=4.769599
  2x6 (width 12) hybrid=2.334882 omp=2.543624 pthread=2.626459 mpi=2.994105
  4x3 (width 12) hybrid=2.413079 omp=2.548837 pthread=2.630132 mpi=2.988523
  2x7 (width 14) hybrid=2.290325 omp=2.501785 pthread=2.591129 mpi=2.710893
  4x4 (width 16) hybrid=3.469955 omp=2.577949 pthread=2.675997 mpi=2.588950
  7x3 (width 21) hybrid=2.502326 omp=2.499813 pthread=2.597310 mpi=2.578180
  4x6 (width 24) hybrid=2.360856 omp=2.481534 pthread=2.571622 mpi=2.610348
  7x4 (width 28) hybrid=2.443616 omp=2.485509 pthread=2.575821 mpi=2.657908

--- phase measurements (Task 3) ---
  phases task1 width=1 done
  phases task1 width=2 done
  phases task1 width=3 done
  phases task1 width=4 done
  phases task1 width=5 done
  phases task1 width=6 done
  phases task1 width=7 done
  phases task1 width=8 done
  phases task1 width=9 done
  phases task1 width=10 done
  phases task1 width=11 done
  phases task1 width=12 done
  phases task1 width=13 done
  phases task1 width=14 done
  phases task1 width=16 done
  phases task1 width=20 done
  phases task1 width=24 done
  phases task1 width=28 done
  phases task2 2x1 done
  phases task2 2x2 done
  phases task2 2x3 done
  phases task2 2x4 done
  phases task2 3x2 done
  phases task2 2x6 done
  phases task2 4x3 done
  phases task2 2x7 done
  phases task2 4x4 done
  phases task2 7x3 done
  phases task2 4x6 done
  phases task2 7x4 done

--- correctness ---
Task 1 output matches the serial reference
Task 2 output matches the serial reference

Done. CSVs are in ..
